#
# There is insufficient memory for the Java Runtime Environment to continue.
# Native memory allocation (malloc) failed to allocate 1732384 bytes. Error detail: Chunk::new
# Possible reasons:
#   The system is out of physical RAM or swap space
#   This process is running with CompressedOops enabled, and the Java Heap may be blocking the growth of the native heap
# Possible solutions:
#   Reduce memory load on the system
#   Increase physical memory or swap space
#   Check if swap backing store is full
#   Decrease Java heap size (-Xmx/-Xms)
#   Decrease number of Java threads
#   Decrease Java thread stack sizes (-Xss)
#   Set larger code cache with -XX:ReservedCodeCacheSize=
#   JVM is running with Unscaled Compressed Oops mode in which the Java heap is
#     placed in the first 4GB address space. The Java Heap base address is the
#     maximum limit for the native heap growth. Please use -XX:HeapBaseMinAddress
#     to set the Java Heap base and to place the Java Heap above 4GB virtual address.
# This output file may be truncated or incomplete.
#
#  Out of Memory Error (arena.cpp:168), pid=21960, tid=25488
#
# JRE version: OpenJDK Runtime Environment Temurin-21.0.11+10 (21.0.11+10) (build 21.0.11+10-LTS)
# Java VM: OpenJDK 64-Bit Server VM Temurin-21.0.11+10 (21.0.11+10-LTS, mixed mode, sharing, tiered, compressed oops, compressed class ptrs, parallel gc, windows-amd64)
# No core dump will be written. Minidumps are not enabled by default on client versions of Windows
#

---------------  S U M M A R Y ------------

Command Line: --add-modules=ALL-SYSTEM --add-opens=java.base/java.util=ALL-UNNAMED --add-opens=java.base/java.lang=ALL-UNNAMED --add-opens=java.base/sun.nio.fs=ALL-UNNAMED -Declipse.application=org.eclipse.jdt.ls.core.id1 -Dosgi.bundles.defaultStartLevel=4 -Declipse.product=org.eclipse.jdt.ls.core.product -Djava.import.generatesMetadataFilesAtProjectRoot=false -DDetectVMInstallationsJob.disabled=true -Dfile.encoding=utf8 -XX:+UseParallelGC -XX:GCTimeRatio=4 -XX:AdaptiveSizePolicyWeight=90 -Dsun.zip.disableMemoryMapping=true -Xmx2G -Xms100m -Xlog:disable -javaagent:c:\Users\vivek\.vscode\extensions\redhat.java-1.55.0-win32-x64\lombok\lombok-1.18.39-4050.jar -XX:+HeapDumpOnOutOfMemoryError -XX:HeapDumpPath=c:\Users\vivek\AppData\Roaming\Code\User\workspaceStorage\c5bf0d5680c110fa8e1a4e6dc1220471\redhat.java -Daether.dependencyCollector.impl=bf c:\Users\vivek\.vscode\extensions\redhat.java-1.55.0-win32-x64\server\plugins\org.eclipse.equinox.launcher_1.7.200.v20260619-2039.jar -configuration c:\Users\vivek\AppData\Roaming\Code\User\globalStorage\redhat.java\1.55.0\config_win -data c:\Users\vivek\AppData\Roaming\Code\User\workspaceStorage\c5bf0d5680c110fa8e1a4e6dc1220471\redhat.java\jdt_ws --pipe=\\.\pipe\lsp-7a91d5f3a50fce4d93d0786764ba7b64-sock

Host: AMD Ryzen 7 5800H with Radeon Graphics         , 16 cores, 5G,  Windows 11 , 64 bit Build 26100 (10.0.26100.9168)
Time: Sat Aug 22 15:46:03 2026 India Standard Time elapsed time: 12849.871001 seconds (0d 3h 34m 9s)

---------------  T H R E A D  ---------------

Current thread (0x0000024c732b8bd0):  JavaThread "C2 CompilerThread0" daemon [_thread_in_native, id=25488, stack(0x000000796e900000,0x000000796ea00000) (1024K)]


Current CompileTask:
C2:12849871 21781   !   4       org.eclipse.core.internal.localstore.UnifiedTree::addChildren (479 bytes)

Stack: [0x000000796e900000,0x000000796ea00000]
Native frames: (J=compiled Java code, j=interpreted, Vv=VM code, C=native code)
V  [jvm.dll+0x6d7e19]
V  [jvm.dll+0x8b5096]
V  [jvm.dll+0x8b764e]
V  [jvm.dll+0x8b7d33]
V  [jvm.dll+0x284596]
V  [jvm.dll+0xc685d]
V  [jvm.dll+0xc6da1]
V  [jvm.dll+0x3bed6b]
V  [jvm.dll+0x1e4149]
V  [jvm.dll+0x24c853]
V  [jvm.dll+0x24bce0]
V  [jvm.dll+0x1cb4ae]
V  [jvm.dll+0x25baad]
V  [jvm.dll+0x25a03a]
V  [jvm.dll+0x3f868e]
V  [jvm.dll+0x85fb0d]
V  [jvm.dll+0x6d664d]
C  [ucrtbase.dll+0x2cd30]
C  [KERNEL32.DLL+0x2ccb7]
C  [ntdll.dll+0xaad6c]


---------------  P R O C E S S  ---------------

Threads class SMR info:
_java_thread_list=0x0000024c5702a170, length=96, elements={
0x0000024c731fd1e0, 0x0000024c732a4fb0, 0x0000024c732a79a0, 0x0000024c732a99b0,
0x0000024c732aa740, 0x0000024c732af0e0, 0x0000024c732b5180, 0x0000024c732b8bd0,
0x0000024c732bb4d0, 0x0000024c7c2b0410, 0x0000024c7c3f9080, 0x0000024c7de6ed20,
0x0000024c7c13b410, 0x0000024c7c13a6f0, 0x0000024c7c137f90, 0x0000024c7c13ad80,
0x0000024c7e3ceac0, 0x0000024c7e3cb640, 0x0000024c7e3cbcd0, 0x0000024c7e3c9c00,
0x0000024c7e3cafb0, 0x0000024c7e3cf150, 0x0000024c7e3cf7e0, 0x0000024c7e3cdda0,
0x0000024c7e3d0b90, 0x0000024c7e3cfe70, 0x0000024c7e3d0500, 0x0000024c7e3d1220,
0x0000024c7c139340, 0x0000024c7c1399d0, 0x0000024c7c13a060, 0x0000024c7c138620,
0x0000024c7c138cb0, 0x0000024c54fd3550, 0x0000024c54fd00d0, 0x0000024c54fd0df0,
0x0000024c54fd0760, 0x0000024c54fd2ec0, 0x0000024c54fd4900, 0x0000024c54fd4270,
0x0000024c7e154940, 0x0000024c7db9d0a0, 0x0000024c55b83750, 0x0000024c55b86540,
0x0000024c55b86bd0, 0x0000024c55b83de0, 0x0000024c55b878f0, 0x0000024c55b85190,
0x0000024c55b84470, 0x0000024c55b87f80, 0x0000024c55b84b00, 0x0000024c55b88610,
0x0000024c55b8a6e0, 0x0000024c55b899c0, 0x0000024c55b8a050, 0x0000024c55b8ad70,
0x0000024c55b88ca0, 0x0000024c55b89330, 0x0000024c7e14fa80, 0x0000024c7e1507a0,
0x0000024c7e1514c0, 0x0000024c7e1521e0, 0x0000024c7e151b50, 0x0000024c7e150e30,
0x0000024c7e14ed60, 0x0000024c7e152870, 0x0000024c7e14f3f0, 0x0000024c7e152f00,
0x0000024c7e156380, 0x0000024c7e1542b0, 0x0000024c7e155660, 0x0000024c7e153c20,
0x0000024c7e155cf0, 0x0000024c7e153590, 0x0000024c7db99c20, 0x0000024c7db981e0,
0x0000024c7db967a0, 0x0000024c7db9a2b0, 0x0000024c7db96e30, 0x0000024c7db9a940,
0x0000024c7db9ca10, 0x0000024c7db9d730, 0x0000024c7db9afd0, 0x0000024c7db9b660,
0x0000024c7db9bcf0, 0x0000024c7db9c380, 0x0000024c54fd3be0, 0x0000024c54fd1b10,
0x0000024c54fd5cb0, 0x0000024c54fd4f90, 0x0000024c54fd2830, 0x0000024c54fd6340,
0x0000024c54fd69d0, 0x0000024c7e3cc360, 0x0000024c7e3cd080, 0x0000024c7db99590
}

Java Threads: ( => current thread )
  0x0000024c731fd1e0 JavaThread "main"                              [_thread_blocked, id=23532, stack(0x000000796df00000,0x000000796e000000) (1024K)]
  0x0000024c732a4fb0 JavaThread "Reference Handler"          daemon [_thread_blocked, id=29608, stack(0x000000796e300000,0x000000796e400000) (1024K)]
  0x0000024c732a79a0 JavaThread "Finalizer"                  daemon [_thread_blocked, id=29664, stack(0x000000796e400000,0x000000796e500000) (1024K)]
  0x0000024c732a99b0 JavaThread "Signal Dispatcher"          daemon [_thread_blocked, id=29624, stack(0x000000796e500000,0x000000796e600000) (1024K)]
  0x0000024c732aa740 JavaThread "Attach Listener"            daemon [_thread_blocked, id=16836, stack(0x000000796e600000,0x000000796e700000) (1024K)]
  0x0000024c732af0e0 JavaThread "Service Thread"             daemon [_thread_blocked, id=29612, stack(0x000000796e700000,0x000000796e800000) (1024K)]
  0x0000024c732b5180 JavaThread "Monitor Deflation Thread"   daemon [_thread_blocked, id=29680, stack(0x000000796e800000,0x000000796e900000) (1024K)]
=>0x0000024c732b8bd0 JavaThread "C2 CompilerThread0"         daemon [_thread_in_native, id=25488, stack(0x000000796e900000,0x000000796ea00000) (1024K)]
  0x0000024c732bb4d0 JavaThread "C1 CompilerThread0"         daemon [_thread_blocked, id=4960, stack(0x000000796ea00000,0x000000796eb00000) (1024K)]
  0x0000024c7c2b0410 JavaThread "Common-Cleaner"             daemon [_thread_blocked, id=29688, stack(0x000000796ed00000,0x000000796ee00000) (1024K)]
  0x0000024c7c3f9080 JavaThread "Notification Thread"        daemon [_thread_blocked, id=29192, stack(0x000000796ef00000,0x000000796f000000) (1024K)]
  0x0000024c7de6ed20 JavaThread "Active Thread: Equinox Container: 25316245-d9e8-4c94-a895-68f76647f3db"        [_thread_blocked, id=5344, stack(0x000000796fc00000,0x000000796fd00000) (1024K)]
  0x0000024c7c13b410 JavaThread "Framework Event Dispatcher: Equinox Container: 25316245-d9e8-4c94-a895-68f76647f3db" daemon [_thread_blocked, id=22580, stack(0x000000796eb00000,0x000000796ec00000) (1024K)]
  0x0000024c7c13a6f0 JavaThread "Start Level: Equinox Container: 25316245-d9e8-4c94-a895-68f76647f3db" daemon [_thread_blocked, id=24152, stack(0x000000796ec00000,0x000000796ed00000) (1024K)]
  0x0000024c7c137f90 JavaThread "Bundle File Closer"         daemon [_thread_blocked, id=25624, stack(0x000000796ff00000,0x0000007970000000) (1024K)]
  0x0000024c7c13ad80 JavaThread "Refresh Thread: Equinox Container: 25316245-d9e8-4c94-a895-68f76647f3db" daemon [_thread_blocked, id=15464, stack(0x0000007970000000,0x0000007970100000) (1024K)]
  0x0000024c7e3ceac0 JavaThread "SCR Component Actor"        daemon [_thread_blocked, id=26240, stack(0x000000796fe00000,0x000000796ff00000) (1024K)]
  0x0000024c7e3cb640 JavaThread "Worker-JM"                         [_thread_blocked, id=25556, stack(0x000000796f900000,0x000000796fa00000) (1024K)]
  0x0000024c7e3cbcd0 JavaThread "Java indexing"              daemon [_thread_blocked, id=16136, stack(0x0000007970400000,0x0000007970500000) (1024K)]
  0x0000024c7e3c9c00 JavaThread "JNA Cleaner"                daemon [_thread_blocked, id=22284, stack(0x0000007970700000,0x0000007970800000) (1024K)]
  0x0000024c7e3cafb0 JavaThread "Thread-1"                   daemon [_thread_in_native, id=4016, stack(0x0000007970c00000,0x0000007970d00000) (1024K)]
  0x0000024c7e3cf150 JavaThread "Thread-2"                   daemon [_thread_in_native, id=16804, stack(0x0000007971000000,0x0000007971100000) (1024K)]
  0x0000024c7e3cf7e0 JavaThread "Thread-3"                   daemon [_thread_in_native, id=22844, stack(0x0000007971100000,0x0000007971200000) (1024K)]
  0x0000024c7e3cdda0 JavaThread "Thread-4"                   daemon [_thread_in_native, id=18036, stack(0x0000007971200000,0x0000007971300000) (1024K)]
  0x0000024c7e3d0b90 JavaThread "Thread-5"                   daemon [_thread_in_native, id=14272, stack(0x0000007971300000,0x0000007971400000) (1024K)]
  0x0000024c7e3cfe70 JavaThread "Thread-6"                   daemon [_thread_in_native, id=22552, stack(0x0000007971400000,0x0000007971500000) (1024K)]
  0x0000024c7e3d0500 JavaThread "Thread-7"                   daemon [_thread_in_native, id=28188, stack(0x0000007971500000,0x0000007971600000) (1024K)]
  0x0000024c7e3d1220 JavaThread "Thread-8"                   daemon [_thread_in_native, id=3544, stack(0x0000007971600000,0x0000007971700000) (1024K)]
  0x0000024c7c139340 JavaThread "Thread-9"                   daemon [_thread_in_native, id=26676, stack(0x0000007971700000,0x0000007971800000) (1024K)]
  0x0000024c7c1399d0 JavaThread "Thread-10"                  daemon [_thread_in_native, id=14316, stack(0x0000007971800000,0x0000007971900000) (1024K)]
  0x0000024c7c13a060 JavaThread "Thread-11"                  daemon [_thread_in_native, id=24484, stack(0x0000007971900000,0x0000007971a00000) (1024K)]
  0x0000024c7c138620 JavaThread "Thread-12"                  daemon [_thread_in_native, id=28192, stack(0x0000007971a00000,0x0000007971b00000) (1024K)]
  0x0000024c7c138cb0 JavaThread "Thread-13"                  daemon [_thread_in_native, id=15788, stack(0x0000007971b00000,0x0000007971c00000) (1024K)]
  0x0000024c54fd3550 JavaThread "Thread-14"                  daemon [_thread_in_native, id=22292, stack(0x0000007971c00000,0x0000007971d00000) (1024K)]
  0x0000024c54fd00d0 JavaThread "Thread-15"                  daemon [_thread_in_native, id=25448, stack(0x0000007971d00000,0x0000007971e00000) (1024K)]
  0x0000024c54fd0df0 JavaThread "Thread-16"                  daemon [_thread_in_native, id=27284, stack(0x0000007971e00000,0x0000007971f00000) (1024K)]
  0x0000024c54fd0760 JavaThread "Thread-17"                  daemon [_thread_in_native, id=14300, stack(0x0000007971f00000,0x0000007972000000) (1024K)]
  0x0000024c54fd2ec0 JavaThread "pool-2-thread-1"                   [_thread_blocked, id=27004, stack(0x0000007972000000,0x0000007972100000) (1024K)]
  0x0000024c54fd4900 JavaThread "WorkspaceEventsHandler"            [_thread_blocked, id=5060, stack(0x0000007972100000,0x0000007972200000) (1024K)]
  0x0000024c54fd4270 JavaThread "pool-1-thread-1"                   [_thread_blocked, id=23004, stack(0x0000007972200000,0x0000007972300000) (1024K)]
  0x0000024c7e154940 JavaThread "Worker-10"                         [_thread_blocked, id=5136, stack(0x0000007970b00000,0x0000007970c00000) (1024K)]
  0x0000024c7db9d0a0 JavaThread "Worker-13"                         [_thread_blocked, id=29404, stack(0x0000007970500000,0x0000007970600000) (1024K)]
  0x0000024c55b83750 JavaThread "Worker-14"                         [_thread_blocked, id=30924, stack(0x000000796dc00000,0x000000796dd00000) (1024K)]
  0x0000024c55b86540 JavaThread "Worker-15"                         [_thread_blocked, id=4516, stack(0x000000796dd00000,0x000000796de00000) (1024K)]
  0x0000024c55b86bd0 JavaThread "LocalFile Deleter"          daemon [_thread_blocked, id=23068, stack(0x000000796f600000,0x000000796f700000) (1024K)]
  0x0000024c55b83de0 JavaThread "LocalFile Deleter"          daemon [_thread_blocked, id=11608, stack(0x000000796fa00000,0x000000796fb00000) (1024K)]
  0x0000024c55b878f0 JavaThread "LocalFile Deleter"          daemon [_thread_blocked, id=6052, stack(0x000000796fb00000,0x000000796fc00000) (1024K)]
  0x0000024c55b85190 JavaThread "LocalFile Deleter"          daemon [_thread_blocked, id=15964, stack(0x0000007970100000,0x0000007970200000) (1024K)]
  0x0000024c55b84470 JavaThread "LocalFile Deleter"          daemon [_thread_blocked, id=17340, stack(0x0000007970200000,0x0000007970300000) (1024K)]
  0x0000024c55b87f80 JavaThread "LocalFile Deleter"          daemon [_thread_blocked, id=29996, stack(0x0000007970300000,0x0000007970400000) (1024K)]
  0x0000024c55b84b00 JavaThread "LocalFile Deleter"          daemon [_thread_blocked, id=27080, stack(0x0000007970600000,0x0000007970700000) (1024K)]
  0x0000024c55b88610 JavaThread "LocalFile Deleter"          daemon [_thread_blocked, id=12228, stack(0x0000007970800000,0x0000007970900000) (1024K)]
  0x0000024c55b8a6e0 JavaThread "LocalFile Deleter"          daemon [_thread_blocked, id=31408, stack(0x0000007970900000,0x0000007970a00000) (1024K)]
  0x0000024c55b899c0 JavaThread "LocalFile Deleter"          daemon [_thread_blocked, id=12280, stack(0x0000007970a00000,0x0000007970b00000) (1024K)]
  0x0000024c55b8a050 JavaThread "LocalFile Deleter"          daemon [_thread_blocked, id=26988, stack(0x0000007970f00000,0x0000007971000000) (1024K)]
  0x0000024c55b8ad70 JavaThread "LocalFile Deleter"          daemon [_thread_blocked, id=18120, stack(0x0000007972300000,0x0000007972400000) (1024K)]
  0x0000024c55b88ca0 JavaThread "LocalFile Deleter"          daemon [_thread_blocked, id=26436, stack(0x0000007972400000,0x0000007972500000) (1024K)]
  0x0000024c55b89330 JavaThread "LocalFile Deleter"          daemon [_thread_blocked, id=31160, stack(0x0000007972500000,0x0000007972600000) (1024K)]
  0x0000024c7e14fa80 JavaThread "LocalFile Deleter"          daemon [_thread_blocked, id=17192, stack(0x0000007972600000,0x0000007972700000) (1024K)]
  0x0000024c7e1507a0 JavaThread "LocalFile Deleter"          daemon [_thread_blocked, id=29804, stack(0x0000007972700000,0x0000007972800000) (1024K)]
  0x0000024c7e1514c0 JavaThread "Compiler Source File Reader" daemon [_thread_blocked, id=16512, stack(0x0000007972800000,0x0000007972900000) (1024K)]
  0x0000024c7e1521e0 JavaThread "Compiler Source File Reader" daemon [_thread_blocked, id=30116, stack(0x0000007972900000,0x0000007972a00000) (1024K)]
  0x0000024c7e151b50 JavaThread "Compiler Source File Reader" daemon [_thread_blocked, id=29796, stack(0x0000007972a00000,0x0000007972b00000) (1024K)]
  0x0000024c7e150e30 JavaThread "Compiler Source File Reader" daemon [_thread_blocked, id=15532, stack(0x0000007972b00000,0x0000007972c00000) (1024K)]
  0x0000024c7e14ed60 JavaThread "Compiler Source File Reader" daemon [_thread_blocked, id=26160, stack(0x0000007972c00000,0x0000007972d00000) (1024K)]
  0x0000024c7e152870 JavaThread "Compiler Source File Reader" daemon [_thread_blocked, id=2136, stack(0x0000007972d00000,0x0000007972e00000) (1024K)]
  0x0000024c7e14f3f0 JavaThread "Compiler Source File Reader" daemon [_thread_blocked, id=9476, stack(0x0000007972e00000,0x0000007972f00000) (1024K)]
  0x0000024c7e152f00 JavaThread "Compiler Source File Reader" daemon [_thread_blocked, id=24940, stack(0x0000007972f00000,0x0000007973000000) (1024K)]
  0x0000024c7e156380 JavaThread "Compiler Source File Reader" daemon [_thread_blocked, id=30464, stack(0x0000007973000000,0x0000007973100000) (1024K)]
  0x0000024c7e1542b0 JavaThread "Compiler Source File Reader" daemon [_thread_blocked, id=30228, stack(0x0000007973100000,0x0000007973200000) (1024K)]
  0x0000024c7e155660 JavaThread "Compiler Source File Reader" daemon [_thread_blocked, id=15020, stack(0x0000007973200000,0x0000007973300000) (1024K)]
  0x0000024c7e153c20 JavaThread "Compiler Source File Reader" daemon [_thread_blocked, id=17748, stack(0x0000007973300000,0x0000007973400000) (1024K)]
  0x0000024c7e155cf0 JavaThread "Compiler Source File Reader" daemon [_thread_blocked, id=30756, stack(0x0000007973400000,0x0000007973500000) (1024K)]
  0x0000024c7e153590 JavaThread "Compiler Source File Reader" daemon [_thread_blocked, id=21540, stack(0x0000007973500000,0x0000007973600000) (1024K)]
  0x0000024c7db99c20 JavaThread "Compiler Processing Task"   daemon [_thread_blocked, id=17468, stack(0x0000007973600000,0x0000007973700000) (1024K)]
  0x0000024c7db981e0 JavaThread "Compiler Class File Writer" daemon [_thread_blocked, id=12912, stack(0x0000007973700000,0x0000007973800000) (1024K)]
  0x0000024c7db967a0 JavaThread "Compiler Class File Writer" daemon [_thread_blocked, id=30556, stack(0x0000007973800000,0x0000007973900000) (1024K)]
  0x0000024c7db9a2b0 JavaThread "Compiler Class File Writer" daemon [_thread_blocked, id=30428, stack(0x0000007973900000,0x0000007973a00000) (1024K)]
  0x0000024c7db96e30 JavaThread "Compiler Class File Writer" daemon [_thread_blocked, id=29304, stack(0x0000007973a00000,0x0000007973b00000) (1024K)]
  0x0000024c7db9a940 JavaThread "Compiler Class File Writer" daemon [_thread_blocked, id=3836, stack(0x0000007973c00000,0x0000007973d00000) (1024K)]
  0x0000024c7db9ca10 JavaThread "Compiler Class File Writer" daemon [_thread_blocked, id=444, stack(0x0000007973d00000,0x0000007973e00000) (1024K)]
  0x0000024c7db9d730 JavaThread "Compiler Class File Writer" daemon [_thread_blocked, id=15152, stack(0x0000007973e00000,0x0000007973f00000) (1024K)]
  0x0000024c7db9afd0 JavaThread "Compiler Class File Writer" daemon [_thread_blocked, id=29120, stack(0x0000007973f00000,0x0000007974000000) (1024K)]
  0x0000024c7db9b660 JavaThread "Compiler Class File Writer" daemon [_thread_blocked, id=16156, stack(0x0000007974000000,0x0000007974100000) (1024K)]
  0x0000024c7db9bcf0 JavaThread "Compiler Class File Writer" daemon [_thread_blocked, id=17656, stack(0x0000007974100000,0x0000007974200000) (1024K)]
  0x0000024c7db9c380 JavaThread "Compiler Class File Writer" daemon [_thread_blocked, id=17604, stack(0x0000007974200000,0x0000007974300000) (1024K)]
  0x0000024c54fd3be0 JavaThread "Compiler Class File Writer" daemon [_thread_blocked, id=21024, stack(0x0000007974300000,0x0000007974400000) (1024K)]
  0x0000024c54fd1b10 JavaThread "Compiler Class File Writer" daemon [_thread_blocked, id=31068, stack(0x0000007974400000,0x0000007974500000) (1024K)]
  0x0000024c54fd5cb0 JavaThread "Compiler Class File Writer" daemon [_thread_blocked, id=14120, stack(0x0000007974500000,0x0000007974600000) (1024K)]
  0x0000024c54fd4f90 JavaThread "ForkJoinPool.commonPool-worker-7" daemon [_thread_blocked, id=10736, stack(0x0000007974600000,0x0000007974700000) (1024K)]
  0x0000024c54fd2830 JavaThread "ForkJoinPool.commonPool-worker-8" daemon [_thread_blocked, id=6396, stack(0x0000007974700000,0x0000007974800000) (1024K)]
  0x0000024c54fd6340 JavaThread "ForkJoinPool.commonPool-worker-9" daemon [_thread_blocked, id=30596, stack(0x0000007974800000,0x0000007974900000) (1024K)]
  0x0000024c54fd69d0 JavaThread "ForkJoinPool.commonPool-worker-10" daemon [_thread_blocked, id=29816, stack(0x0000007974900000,0x0000007974a00000) (1024K)]
  0x0000024c7e3cc360 JavaThread "ForkJoinPool.commonPool-worker-11" daemon [_thread_blocked, id=22896, stack(0x0000007974a00000,0x0000007974b00000) (1024K)]
  0x0000024c7e3cd080 JavaThread "PatternSearchJob-worker-16" daemon [_thread_blocked, id=4040, stack(0x0000007974c00000,0x0000007974d00000) (1024K)]
  0x0000024c7db99590 JavaThread "Worker-16"                         [_thread_blocked, id=28412, stack(0x0000007973b00000,0x0000007973c00000) (1024K)]
Total: 96

Other Threads:
  0x0000024c7ac94110 VMThread "VM Thread"                           [id=13480, stack(0x000000796e200000,0x000000796e300000) (1024K)]
  0x0000024c7ab8ba00 WatcherThread "VM Periodic Task Thread"        [id=27564, stack(0x000000796e100000,0x000000796e200000) (1024K)]
  0x0000024c7321ba20 WorkerThread "GC Thread#0"                     [id=27736, stack(0x000000796e000000,0x000000796e100000) (1024K)]
  0x0000024c7de16950 WorkerThread "GC Thread#1"                     [id=28484, stack(0x000000796f000000,0x000000796f100000) (1024K)]
  0x0000024c7de16d00 WorkerThread "GC Thread#2"                     [id=10024, stack(0x000000796f100000,0x000000796f200000) (1024K)]
  0x0000024c7ddde1c0 WorkerThread "GC Thread#3"                     [id=5108, stack(0x000000796f200000,0x000000796f300000) (1024K)]
  0x0000024c7ddde570 WorkerThread "GC Thread#4"                     [id=19984, stack(0x000000796f300000,0x000000796f400000) (1024K)]
  0x0000024c7ddde920 WorkerThread "GC Thread#5"                     [id=14976, stack(0x000000796f400000,0x000000796f500000) (1024K)]
  0x0000024c7db34570 WorkerThread "GC Thread#6"                     [id=25832, stack(0x000000796f500000,0x000000796f600000) (1024K)]
  0x0000024c7de6aa20 WorkerThread "GC Thread#7"                     [id=7156, stack(0x000000796fd00000,0x000000796fe00000) (1024K)]
  0x0000024c7eb616a0 WorkerThread "GC Thread#8"                     [id=19648, stack(0x0000007970d00000,0x0000007970e00000) (1024K)]
  0x0000024c7e53f8f0 WorkerThread "GC Thread#9"                     [id=15576, stack(0x0000007970e00000,0x0000007970f00000) (1024K)]
  0x0000024c7e987ab0 WorkerThread "GC Thread#10"                    [id=3492, stack(0x000000796ee00000,0x000000796ef00000) (1024K)]
  0x0000024c5467ab40 WorkerThread "GC Thread#11"                    [id=26452, stack(0x000000796f700000,0x000000796f800000) (1024K)]
  0x0000024c7ebe1e30 WorkerThread "GC Thread#12"                    [id=12032, stack(0x000000796f800000,0x000000796f900000) (1024K)]
Total: 15

Threads with active compile tasks:
C2 CompilerThread0  12849970 21781   !   4       org.eclipse.core.internal.localstore.UnifiedTree::addChildren (479 bytes)
Total: 1

VM state: not at safepoint (normal execution)

VM Mutex/Monitor currently owned by a thread: None

Heap address: 0x0000000080000000, size: 2048 MB, Compressed Oops mode: 32-bit

CDS archive(s) mapped at: [0x0000024c0f000000-0x0000024c0fba0000-0x0000024c0fba0000), size 12189696, SharedBaseAddress: 0x0000024c0f000000, ArchiveRelocationMode: 1.
Compressed class space mapped at: 0x0000024c10000000-0x0000024c50000000, reserved size: 1073741824
Narrow klass base: 0x0000024c0f000000, Narrow klass shift: 0, Narrow klass range: 0x100000000

GC Precious Log:
 CardTable entry size: 512
 CPUs: 16 total, 16 available
 Memory: 5996M
 Large Page Support: Disabled
 NUMA Support: Disabled
 Compressed Oops: Enabled (32-bit)
 Alignments: Space 512K, Generation 512K, Heap 2M
 Heap Min Capacity: 100M
 Heap Initial Capacity: 100M
 Heap Max Capacity: 2G
 Pre-touch: Disabled
 Parallel Workers: 13

Heap:
 PSYoungGen      total 10752K, used 9950K [0x00000000d5580000, 0x00000000d7100000, 0x0000000100000000)
  eden space 5632K, 85% used [0x00000000d5580000,0x00000000d5a37bc0,0x00000000d5b00000)
  from space 5120K, 100% used [0x00000000d5c00000,0x00000000d6100000,0x00000000d6100000)
  to   space 11264K, 0% used [0x00000000d6600000,0x00000000d6600000,0x00000000d7100000)
 ParOldGen       total 589312K, used 589239K [0x0000000080000000, 0x00000000a3f80000, 0x00000000d5580000)
  object space 589312K, 99% used [0x0000000080000000,0x00000000a3f6df20,0x00000000a3f80000)
 Metaspace       used 81221K, committed 82816K, reserved 1179648K
  class space    used 8241K, committed 8896K, reserved 1048576K

Card table byte_map: [0x0000024c72ba0000,0x0000024c72fb0000] _byte_map_base: 0x0000024c727a0000

Marking Bits: (ParMarkBitMap*) 0x00007ffacd804460
 Begin Bits: [0x0000024c766b0000, 0x0000024c786b0000)
 End Bits:   [0x0000024c786b0000, 0x0000024c7a6b0000)

Polling page: 0x0000024c712b0000

Metaspace:

Usage:
  Non-class:     71.27 MB used.
      Class:      8.05 MB used.
       Both:     79.32 MB used.

Virtual space:
  Non-class space:      128.00 MB reserved,      72.19 MB ( 56%) committed,  2 nodes.
      Class space:        1.00 GB reserved,       8.69 MB ( <1%) committed,  1 nodes.
             Both:        1.12 GB reserved,      80.88 MB (  7%) committed. 

Chunk freelists:
   Non-Class:  7.60 MB
       Class:  7.32 MB
        Both:  14.92 MB

MaxMetaspaceSize: unlimited
CompressedClassSpaceSize: 1.00 GB
Initial GC threshold: 21.00 MB
Current GC threshold: 133.56 MB
CDS: on
 - commit_granule_bytes: 65536.
 - commit_granule_words: 8192.
 - virtual_space_node_default_size: 8388608.
 - enlarge_chunks_in_place: 1.
 - use_allocation_guard: 0.


Internal statistics:

num_allocs_failed_limit: 9.
num_arena_births: 1544.
num_arena_deaths: 410.
num_vsnodes_births: 3.
num_vsnodes_deaths: 0.
num_space_committed: 1296.
num_space_uncommitted: 2.
num_chunks_returned_to_freelist: 496.
num_chunks_taken_from_freelist: 5527.
num_chunk_merges: 108.
num_chunk_splits: 3186.
num_chunks_enlarged: 1839.
num_inconsistent_stats: 0.

CodeHeap 'non-profiled nmethods': size=119168Kb used=12742Kb max_used=15630Kb free=106425Kb
 bounds [0x0000024c07ba0000, 0x0000024c08af0000, 0x0000024c0f000000]
CodeHeap 'profiled nmethods': size=119104Kb used=33495Kb max_used=45722Kb free=85609Kb
 bounds [0x0000024c00000000, 0x0000024c02cb0000, 0x0000024c07450000]
CodeHeap 'non-nmethods': size=7488Kb used=1497Kb max_used=3257Kb free=5990Kb
 bounds [0x0000024c07450000, 0x0000024c07790000, 0x0000024c07ba0000]
CodeCache: size=245760Kb, used=47734Kb, max_used=64609Kb, free=198024Kb
 total_blobs=15394, nmethods=14580, adapters=717, full_count=0
Compilation: enabled, stopped_count=0, restarted_count=0

Compilation events (20 events):
Event: 12848.189 Thread 0x0000024c732bb4d0 21776       3       java.lang.invoke.LambdaForm$MH/0x0000024c1086c800::invoke (38 bytes)
Event: 12848.189 Thread 0x0000024c732bb4d0 nmethod 21776 0x0000024c00abe590 code [0x0000024c00abe780, 0x0000024c00abedf8]
Event: 12848.196 Thread 0x0000024c732bb4d0 21778       3       org.codehaus.plexus.util.xml.Xpp3Dom::mergeXpp3Dom (14 bytes)
Event: 12848.196 Thread 0x0000024c732bb4d0 nmethod 21778 0x0000024c0086af90 code [0x0000024c0086b140, 0x0000024c0086b2d0]
Event: 12848.196 Thread 0x0000024c732b8bd0 nmethod 21775 0x0000024c081dc310 code [0x0000024c081dc4e0, 0x0000024c081dc918]
Event: 12848.196 Thread 0x0000024c732b8bd0 21777       4       java.util.Properties::entrySet (19 bytes)
Event: 12848.197 Thread 0x0000024c732bb4d0 21779       3       java.lang.invoke.LambdaForm$MH/0x0000024c10005400::invoke (25 bytes)
Event: 12848.198 Thread 0x0000024c732bb4d0 nmethod 21779 0x0000024c00816410 code [0x0000024c008165e0, 0x0000024c00816a58]
Event: 12848.198 Thread 0x0000024c732bb4d0 21780       3       java.lang.invoke.DirectMethodHandle$Holder::invokeStatic (15 bytes)
Event: 12848.198 Thread 0x0000024c732bb4d0 nmethod 21780 0x0000024c0085a110 code [0x0000024c0085a2e0, 0x0000024c0085a788]
Event: 12848.201 Thread 0x0000024c732b8bd0 nmethod 21777 0x0000024c07f36710 code [0x0000024c07f368c0, 0x0000024c07f36af8]
Event: 12848.316 Thread 0x0000024c732b8bd0 21781   !   4       org.eclipse.core.internal.localstore.UnifiedTree::addChildren (479 bytes)
Event: 12848.319 Thread 0x0000024c732bb4d0 21782       1       org.eclipse.core.internal.events.InternalBuilder::wasRememberStateRequested (5 bytes)
Event: 12848.319 Thread 0x0000024c732bb4d0 nmethod 21782 0x0000024c07f39b90 code [0x0000024c07f39d20, 0x0000024c07f39df0]
Event: 12848.616 Thread 0x0000024c732bb4d0 21783       3       org.eclipse.jdt.internal.compiler.parser.Parser::consumePackageComment (9 bytes)
Event: 12848.616 Thread 0x0000024c732bb4d0 nmethod 21783 0x0000024c00699590 code [0x0000024c00699740, 0x0000024c006999e0]
Event: 12849.130 Thread 0x0000024c732bb4d0 21784       3       org.eclipse.core.runtime.jobs.Job::setName (6 bytes)
Event: 12849.130 Thread 0x0000024c732bb4d0 nmethod 21784 0x0000024c00869710 code [0x0000024c00869900, 0x0000024c00869cd0]
Event: 12849.130 Thread 0x0000024c732bb4d0 21785       3       org.eclipse.core.internal.jobs.InternalJob::setName (10 bytes)
Event: 12849.130 Thread 0x0000024c732bb4d0 nmethod 21785 0x0000024c00b16290 code [0x0000024c00b16460, 0x0000024c00b167d0]

GC Heap History (20 events):
Event: 12836.239 GC heap before
{Heap before GC invocations=2649 (full 6):
 PSYoungGen      total 7168K, used 7168K [0x00000000d5580000, 0x00000000d6680000, 0x0000000100000000)
  eden space 4096K, 100% used [0x00000000d5580000,0x00000000d5980000,0x00000000d5980000)
  from space 3072K, 100% used [0x00000000d5980000,0x00000000d5c80000,0x00000000d5c80000)
  to   space 6144K, 0% used [0x00000000d6080000,0x00000000d6080000,0x00000000d6680000)
 ParOldGen       total 559104K, used 559101K [0x0000000080000000, 0x00000000a2200000, 0x00000000d5580000)
  object space 559104K, 99% used [0x0000000080000000,0x00000000a21ff560,0x00000000a2200000)
 Metaspace       used 81089K, committed 82688K, reserved 1179648K
  class space    used 8240K, committed 8896K, reserved 1048576K
}
Event: 12836.245 GC heap after
{Heap after GC invocations=2649 (full 6):
 PSYoungGen      total 7680K, used 2560K [0x00000000d5580000, 0x00000000d6300000, 0x0000000100000000)
  eden space 5120K, 0% used [0x00000000d5580000,0x00000000d5580000,0x00000000d5a80000)
  from space 2560K, 100% used [0x00000000d6080000,0x00000000d6300000,0x00000000d6300000)
  to   space 4096K, 0% used [0x00000000d5b00000,0x00000000d5b00000,0x00000000d5f00000)
 ParOldGen       total 562176K, used 562163K [0x0000000080000000, 0x00000000a2500000, 0x00000000d5580000)
  object space 562176K, 99% used [0x0000000080000000,0x00000000a24fcce0,0x00000000a2500000)
 Metaspace       used 81089K, committed 82688K, reserved 1179648K
  class space    used 8240K, committed 8896K, reserved 1048576K
}
Event: 12836.317 GC heap before
{Heap before GC invocations=2650 (full 6):
 PSYoungGen      total 7680K, used 7680K [0x00000000d5580000, 0x00000000d6300000, 0x0000000100000000)
  eden space 5120K, 100% used [0x00000000d5580000,0x00000000d5a80000,0x00000000d5a80000)
  from space 2560K, 100% used [0x00000000d6080000,0x00000000d6300000,0x00000000d6300000)
  to   space 4096K, 0% used [0x00000000d5b00000,0x00000000d5b00000,0x00000000d5f00000)
 ParOldGen       total 562176K, used 562163K [0x0000000080000000, 0x00000000a2500000, 0x00000000d5580000)
  object space 562176K, 99% used [0x0000000080000000,0x00000000a24fcce0,0x00000000a2500000)
 Metaspace       used 81116K, committed 82688K, reserved 1179648K
  class space    used 8240K, committed 8896K, reserved 1048576K
}
Event: 12836.322 GC heap after
{Heap after GC invocations=2650 (full 6):
 PSYoungGen      total 7168K, used 1472K [0x00000000d5580000, 0x00000000d6100000, 0x0000000100000000)
  eden space 5632K, 0% used [0x00000000d5580000,0x00000000d5580000,0x00000000d5b00000)
  from space 1536K, 95% used [0x00000000d5b00000,0x00000000d5c70000,0x00000000d5c80000)
  to   space 2560K, 0% used [0x00000000d5e80000,0x00000000d5e80000,0x00000000d6100000)
 ParOldGen       total 564224K, used 564031K [0x0000000080000000, 0x00000000a2700000, 0x00000000d5580000)
  object space 564224K, 99% used [0x0000000080000000,0x00000000a26cfd10,0x00000000a2700000)
 Metaspace       used 81116K, committed 82688K, reserved 1179648K
  class space    used 8240K, committed 8896K, reserved 1048576K
}
Event: 12846.818 GC heap before
{Heap before GC invocations=2651 (full 6):
 PSYoungGen      total 7168K, used 7104K [0x00000000d5580000, 0x00000000d6100000, 0x0000000100000000)
  eden space 5632K, 100% used [0x00000000d5580000,0x00000000d5b00000,0x00000000d5b00000)
  from space 1536K, 95% used [0x00000000d5b00000,0x00000000d5c70000,0x00000000d5c80000)
  to   space 2560K, 0% used [0x00000000d5e80000,0x00000000d5e80000,0x00000000d6100000)
 ParOldGen       total 564224K, used 564031K [0x0000000080000000, 0x00000000a2700000, 0x00000000d5580000)
  object space 564224K, 99% used [0x0000000080000000,0x00000000a26cfd10,0x00000000a2700000)
 Metaspace       used 81175K, committed 82752K, reserved 1179648K
  class space    used 8240K, committed 8896K, reserved 1048576K
}
Event: 12847.824 GC heap after
{Heap after GC invocations=2651 (full 6):
 PSYoungGen      total 6144K, used 512K [0x00000000d5580000, 0x00000000d5f00000, 0x0000000100000000)
  eden space 5632K, 0% used [0x00000000d5580000,0x00000000d5580000,0x00000000d5b00000)
  from space 512K, 100% used [0x00000000d5e80000,0x00000000d5f00000,0x00000000d5f00000)
  to   space 1024K, 0% used [0x00000000d5d00000,0x00000000d5d00000,0x00000000d5e00000)
 ParOldGen       total 565760K, used 565293K [0x0000000080000000, 0x00000000a2880000, 0x00000000d5580000)
  object space 565760K, 99% used [0x0000000080000000,0x00000000a280b440,0x00000000a2880000)
 Metaspace       used 81175K, committed 82752K, reserved 1179648K
  class space    used 8240K, committed 8896K, reserved 1048576K
}
Event: 12847.993 GC heap before
{Heap before GC invocations=2652 (full 6):
 PSYoungGen      total 6144K, used 6050K [0x00000000d5580000, 0x00000000d5f00000, 0x0000000100000000)
  eden space 5632K, 98% used [0x00000000d5580000,0x00000000d5ae88b8,0x00000000d5b00000)
  from space 512K, 100% used [0x00000000d5e80000,0x00000000d5f00000,0x00000000d5f00000)
  to   space 1024K, 0% used [0x00000000d5d00000,0x00000000d5d00000,0x00000000d5e00000)
 ParOldGen       total 565760K, used 565293K [0x0000000080000000, 0x00000000a2880000, 0x00000000d5580000)
  object space 565760K, 99% used [0x0000000080000000,0x00000000a280b440,0x00000000a2880000)
 Metaspace       used 81211K, committed 82816K, reserved 1179648K
  class space    used 8240K, committed 8896K, reserved 1048576K
}
Event: 12847.998 GC heap after
{Heap after GC invocations=2652 (full 6):
 PSYoungGen      total 6656K, used 1019K [0x00000000d5580000, 0x00000000d6500000, 0x0000000100000000)
  eden space 5632K, 0% used [0x00000000d5580000,0x00000000d5580000,0x00000000d5b00000)
  from space 1024K, 99% used [0x00000000d5d00000,0x00000000d5dfefb0,0x00000000d5e00000)
  to   space 5120K, 0% used [0x00000000d6000000,0x00000000d6000000,0x00000000d6500000)
 ParOldGen       total 568320K, used 568305K [0x0000000080000000, 0x00000000a2b00000, 0x00000000d5580000)
  object space 568320K, 99% used [0x0000000080000000,0x00000000a2afc4e0,0x00000000a2b00000)
 Metaspace       used 81211K, committed 82816K, reserved 1179648K
  class space    used 8240K, committed 8896K, reserved 1048576K
}
Event: 12848.250 GC heap before
{Heap before GC invocations=2653 (full 6):
 PSYoungGen      total 6656K, used 6185K [0x00000000d5580000, 0x00000000d6500000, 0x0000000100000000)
  eden space 5632K, 91% used [0x00000000d5580000,0x00000000d5a8b670,0x00000000d5b00000)
  from space 1024K, 99% used [0x00000000d5d00000,0x00000000d5dfefb0,0x00000000d5e00000)
  to   space 5120K, 0% used [0x00000000d6000000,0x00000000d6000000,0x00000000d6500000)
 ParOldGen       total 568320K, used 568305K [0x0000000080000000, 0x00000000a2b00000, 0x00000000d5580000)
  object space 568320K, 99% used [0x0000000080000000,0x00000000a2afc4e0,0x00000000a2b00000)
 Metaspace       used 81220K, committed 82816K, reserved 1179648K
  class space    used 8241K, committed 8896K, reserved 1048576K
}
Event: 12848.253 GC heap after
{Heap after GC invocations=2653 (full 6):
 PSYoungGen      total 6656K, used 800K [0x00000000d5580000, 0x00000000d6100000, 0x0000000100000000)
  eden space 5632K, 0% used [0x00000000d5580000,0x00000000d5580000,0x00000000d5b00000)
  from space 1024K, 78% used [0x00000000d6000000,0x00000000d60c8000,0x00000000d6100000)
  to   space 2048K, 0% used [0x00000000d5d00000,0x00000000d5d00000,0x00000000d5f00000)
 ParOldGen       total 568832K, used 568425K [0x0000000080000000, 0x00000000a2b80000, 0x00000000d5580000)
  object space 568832K, 99% used [0x0000000080000000,0x00000000a2b1a4e0,0x00000000a2b80000)
 Metaspace       used 81220K, committed 82816K, reserved 1179648K
  class space    used 8241K, committed 8896K, reserved 1048576K
}
Event: 12848.272 GC heap before
{Heap before GC invocations=2654 (full 6):
 PSYoungGen      total 6656K, used 6432K [0x00000000d5580000, 0x00000000d6100000, 0x0000000100000000)
  eden space 5632K, 100% used [0x00000000d5580000,0x00000000d5b00000,0x00000000d5b00000)
  from space 1024K, 78% used [0x00000000d6000000,0x00000000d60c8000,0x00000000d6100000)
  to   space 2048K, 0% used [0x00000000d5d00000,0x00000000d5d00000,0x00000000d5f00000)
 ParOldGen       total 568832K, used 568425K [0x0000000080000000, 0x00000000a2b80000, 0x00000000d5580000)
  object space 568832K, 99% used [0x0000000080000000,0x00000000a2b1a4e0,0x00000000a2b80000)
 Metaspace       used 81220K, committed 82816K, reserved 1179648K
  class space    used 8241K, committed 8896K, reserved 1048576K
}
Event: 12848.277 GC heap after
{Heap after GC invocations=2654 (full 6):
 PSYoungGen      total 7680K, used 2028K [0x00000000d5580000, 0x00000000d6800000, 0x0000000100000000)
  eden space 5632K, 0% used [0x00000000d5580000,0x00000000d5580000,0x00000000d5b00000)
  from space 2048K, 99% used [0x00000000d5d00000,0x00000000d5efb0b0,0x00000000d5f00000)
  to   space 6656K, 0% used [0x00000000d6180000,0x00000000d6180000,0x00000000d6800000)
 ParOldGen       total 572416K, used 572135K [0x0000000080000000, 0x00000000a2f00000, 0x00000000d5580000)
  object space 572416K, 99% used [0x0000000080000000,0x00000000a2eb9f60,0x00000000a2f00000)
 Metaspace       used 81220K, committed 82816K, reserved 1179648K
  class space    used 8241K, committed 8896K, reserved 1048576K
}
Event: 12848.300 GC heap before
{Heap before GC invocations=2655 (full 6):
 PSYoungGen      total 7680K, used 7660K [0x00000000d5580000, 0x00000000d6800000, 0x0000000100000000)
  eden space 5632K, 99% used [0x00000000d5580000,0x00000000d5afffc8,0x00000000d5b00000)
  from space 2048K, 99% used [0x00000000d5d00000,0x00000000d5efb0b0,0x00000000d5f00000)
  to   space 6656K, 0% used [0x00000000d6180000,0x00000000d6180000,0x00000000d6800000)
 ParOldGen       total 572416K, used 572135K [0x0000000080000000, 0x00000000a2f00000, 0x00000000d5580000)
  object space 572416K, 99% used [0x0000000080000000,0x00000000a2eb9f60,0x00000000a2f00000)
 Metaspace       used 81220K, committed 82816K, reserved 1179648K
  class space    used 8241K, committed 8896K, reserved 1048576K
}
Event: 12848.306 GC heap after
{Heap after GC invocations=2655 (full 6):
 PSYoungGen      total 10752K, used 5088K [0x00000000d5580000, 0x00000000d6680000, 0x0000000100000000)
  eden space 5632K, 0% used [0x00000000d5580000,0x00000000d5580000,0x00000000d5b00000)
  from space 5120K, 99% used [0x00000000d6180000,0x00000000d6678000,0x00000000d6680000)
  to   space 5632K, 0% used [0x00000000d5b80000,0x00000000d5b80000,0x00000000d6100000)
 ParOldGen       total 574464K, used 574228K [0x0000000080000000, 0x00000000a3100000, 0x00000000d5580000)
  object space 574464K, 99% used [0x0000000080000000,0x00000000a30c5010,0x00000000a3100000)
 Metaspace       used 81220K, committed 82816K, reserved 1179648K
  class space    used 8241K, committed 8896K, reserved 1048576K
}
Event: 12848.334 GC heap before
{Heap before GC invocations=2656 (full 6):
 PSYoungGen      total 10752K, used 10686K [0x00000000d5580000, 0x00000000d6680000, 0x0000000100000000)
  eden space 5632K, 99% used [0x00000000d5580000,0x00000000d5af7900,0x00000000d5b00000)
  from space 5120K, 99% used [0x00000000d6180000,0x00000000d6678000,0x00000000d6680000)
  to   space 5632K, 0% used [0x00000000d5b80000,0x00000000d5b80000,0x00000000d6100000)
 ParOldGen       total 574464K, used 574228K [0x0000000080000000, 0x00000000a3100000, 0x00000000d5580000)
  object space 574464K, 99% used [0x0000000080000000,0x00000000a30c5010,0x00000000a3100000)
 Metaspace       used 81220K, committed 82816K, reserved 1179648K
  class space    used 8241K, committed 8896K, reserved 1048576K
}
Event: 12848.341 GC heap after
{Heap after GC invocations=2656 (full 6):
 PSYoungGen      total 11264K, used 5220K [0x00000000d5580000, 0x00000000d6600000, 0x0000000100000000)
  eden space 5632K, 0% used [0x00000000d5580000,0x00000000d5580000,0x00000000d5b00000)
  from space 5632K, 92% used [0x00000000d5b80000,0x00000000d6099200,0x00000000d6100000)
  to   space 5120K, 0% used [0x00000000d6100000,0x00000000d6100000,0x00000000d6600000)
 ParOldGen       total 579584K, used 579180K [0x0000000080000000, 0x00000000a3600000, 0x00000000d5580000)
  object space 579584K, 99% used [0x0000000080000000,0x00000000a359b010,0x00000000a3600000)
 Metaspace       used 81220K, committed 82816K, reserved 1179648K
  class space    used 8241K, committed 8896K, reserved 1048576K
}
Event: 12848.474 GC heap before
{Heap before GC invocations=2657 (full 6):
 PSYoungGen      total 11264K, used 10852K [0x00000000d5580000, 0x00000000d6600000, 0x0000000100000000)
  eden space 5632K, 100% used [0x00000000d5580000,0x00000000d5b00000,0x00000000d5b00000)
  from space 5632K, 92% used [0x00000000d5b80000,0x00000000d6099200,0x00000000d6100000)
  to   space 5120K, 0% used [0x00000000d6100000,0x00000000d6100000,0x00000000d6600000)
 ParOldGen       total 579584K, used 579180K [0x0000000080000000, 0x00000000a3600000, 0x00000000d5580000)
  object space 579584K, 99% used [0x0000000080000000,0x00000000a359b010,0x00000000a3600000)
 Metaspace       used 81220K, committed 82816K, reserved 1179648K
  class space    used 8241K, committed 8896K, reserved 1048576K
}
Event: 12848.483 GC heap after
{Heap after GC invocations=2657 (full 6):
 PSYoungGen      total 10752K, used 4795K [0x00000000d5580000, 0x00000000d6600000, 0x0000000100000000)
  eden space 5632K, 0% used [0x00000000d5580000,0x00000000d5580000,0x00000000d5b00000)
  from space 5120K, 93% used [0x00000000d6100000,0x00000000d65aef10,0x00000000d6600000)
  to   space 5120K, 0% used [0x00000000d5c00000,0x00000000d5c00000,0x00000000d6100000)
 ParOldGen       total 584192K, used 584052K [0x0000000080000000, 0x00000000a3a80000, 0x00000000d5580000)
  object space 584192K, 99% used [0x0000000080000000,0x00000000a3a5d010,0x00000000a3a80000)
 Metaspace       used 81220K, committed 82816K, reserved 1179648K
  class space    used 8241K, committed 8896K, reserved 1048576K
}
Event: 12848.506 GC heap before
{Heap before GC invocations=2658 (full 6):
 PSYoungGen      total 10752K, used 10427K [0x00000000d5580000, 0x00000000d6600000, 0x0000000100000000)
  eden space 5632K, 100% used [0x00000000d5580000,0x00000000d5b00000,0x00000000d5b00000)
  from space 5120K, 93% used [0x00000000d6100000,0x00000000d65aef10,0x00000000d6600000)
  to   space 5120K, 0% used [0x00000000d5c00000,0x00000000d5c00000,0x00000000d6100000)
 ParOldGen       total 584192K, used 584052K [0x0000000080000000, 0x00000000a3a80000, 0x00000000d5580000)
  object space 584192K, 99% used [0x0000000080000000,0x00000000a3a5d010,0x00000000a3a80000)
 Metaspace       used 81220K, committed 82816K, reserved 1179648K
  class space    used 8241K, committed 8896K, reserved 1048576K
}
Event: 12848.515 GC heap after
{Heap after GC invocations=2658 (full 6):
 PSYoungGen      total 10752K, used 5120K [0x00000000d5580000, 0x00000000d7100000, 0x0000000100000000)
  eden space 5632K, 0% used [0x00000000d5580000,0x00000000d5580000,0x00000000d5b00000)
  from space 5120K, 100% used [0x00000000d5c00000,0x00000000d6100000,0x00000000d6100000)
  to   space 11264K, 0% used [0x00000000d6600000,0x00000000d6600000,0x00000000d7100000)
 ParOldGen       total 589312K, used 589239K [0x0000000080000000, 0x00000000a3f80000, 0x00000000d5580000)
  object space 589312K, 99% used [0x0000000080000000,0x00000000a3f6df20,0x00000000a3f80000)
 Metaspace       used 81220K, committed 82816K, reserved 1179648K
  class space    used 8241K, committed 8896K, reserved 1048576K
}

Dll operation events (14 events):
Event: 0.268 Loaded shared library c:\Users\vivek\.vscode\extensions\redhat.java-1.55.0-win32-x64\jre\21.0.11-win32-x86_64\bin\java.dll
Event: 0.465 Loaded shared library c:\Users\vivek\.vscode\extensions\redhat.java-1.55.0-win32-x64\jre\21.0.11-win32-x86_64\bin\zip.dll
Event: 0.494 Loaded shared library C:\Users\vivek\.vscode\extensions\redhat.java-1.55.0-win32-x64\jre\21.0.11-win32-x86_64\bin\instrument.dll
Event: 0.572 Loaded shared library C:\Users\vivek\.vscode\extensions\redhat.java-1.55.0-win32-x64\jre\21.0.11-win32-x86_64\bin\net.dll
Event: 0.646 Loaded shared library C:\Users\vivek\.vscode\extensions\redhat.java-1.55.0-win32-x64\jre\21.0.11-win32-x86_64\bin\nio.dll
Event: 0.651 Loaded shared library C:\Users\vivek\.vscode\extensions\redhat.java-1.55.0-win32-x64\jre\21.0.11-win32-x86_64\bin\zip.dll
Event: 0.676 Loaded shared library C:\Users\vivek\.vscode\extensions\redhat.java-1.55.0-win32-x64\jre\21.0.11-win32-x86_64\bin\jimage.dll
Event: 0.866 Loaded shared library c:\Users\vivek\.vscode\extensions\redhat.java-1.55.0-win32-x64\jre\21.0.11-win32-x86_64\bin\verify.dll
Event: 10.211 Loaded shared library C:\Users\vivek\AppData\Roaming\Code\User\globalStorage\redhat.java\1.55.0\config_win\org.eclipse.equinox.launcher\org.eclipse.equinox.launcher.win32.win32.x86_64_1.3.100.v20260613-0559\eclipse_11924.dll
Event: 20.890 Loaded shared library C:\Users\vivek\.vscode\extensions\redhat.java-1.55.0-win32-x64\jre\21.0.11-win32-x86_64\bin\management.dll
Event: 20.896 Loaded shared library C:\Users\vivek\.vscode\extensions\redhat.java-1.55.0-win32-x64\jre\21.0.11-win32-x86_64\bin\management_ext.dll
Event: 23.024 Loaded shared library C:\Users\vivek\AppData\Local\Temp\jna-112220169\jna1539676640097529222.dll
Event: 23.288 Loaded shared library C:\Users\vivek\.vscode\extensions\redhat.java-1.55.0-win32-x64\jre\21.0.11-win32-x86_64\bin\sunmscapi.dll
Event: 24.330 Loaded shared library C:\Users\vivek\.vscode\extensions\redhat.java-1.55.0-win32-x64\jre\21.0.11-win32-x86_64\bin\extnet.dll

Deoptimization events (20 events):
Event: 12828.972 Thread 0x0000024c7e3cbcd0 DEOPT PACKING pc=0x0000024c07ea8d18 sp=0x00000079704fe3f0
Event: 12828.972 Thread 0x0000024c7e3cbcd0 DEOPT UNPACKING pc=0x0000024c074a3aa2 sp=0x00000079704fe390 mode 2
Event: 12829.104 Thread 0x0000024c7e3cbcd0 DEOPT PACKING pc=0x0000024c01fc3a50 sp=0x00000079704fee50
Event: 12829.104 Thread 0x0000024c7e3cbcd0 DEOPT UNPACKING pc=0x0000024c074a4242 sp=0x00000079704fe320 mode 0
Event: 12832.166 Thread 0x0000024c7db99590 DEOPT PACKING pc=0x0000024c022ccb1b sp=0x0000007973bfe390
Event: 12832.166 Thread 0x0000024c7db99590 DEOPT UNPACKING pc=0x0000024c074a4242 sp=0x0000007973bfd808 mode 0
Event: 12832.316 Thread 0x0000024c55b83750 DEOPT PACKING pc=0x0000024c02a70bb3 sp=0x000000796dcfd070
Event: 12832.316 Thread 0x0000024c55b83750 DEOPT UNPACKING pc=0x0000024c074a4242 sp=0x000000796dcfc558 mode 0
Event: 12836.079 Thread 0x0000024c55b83750 DEOPT PACKING pc=0x0000024c01db2ada sp=0x000000796dcfe410
Event: 12836.079 Thread 0x0000024c55b83750 DEOPT UNPACKING pc=0x0000024c074a4242 sp=0x000000796dcfd928 mode 0
Event: 12836.093 Thread 0x0000024c55b83750 DEOPT PACKING pc=0x0000024c01db2ada sp=0x000000796dcfe410
Event: 12836.093 Thread 0x0000024c55b83750 DEOPT UNPACKING pc=0x0000024c074a4242 sp=0x000000796dcfd928 mode 0
Event: 12836.308 Thread 0x0000024c7db99c20 Uncommon trap: trap_request=0xffffffc6 fr.pc=0x0000024c08872d28 relative=0x00000000000005a8
Event: 12836.308 Thread 0x0000024c7db99c20 Uncommon trap: reason=bimorphic_or_optimized_type_check action=maybe_recompile pc=0x0000024c08872d28 method=java.util.HashMap.removeNode(ILjava/lang/Object;Ljava/lang/Object;ZZ)Ljava/util/HashMap$Node; @ 143 c2
Event: 12836.308 Thread 0x0000024c7db99c20 DEOPT PACKING pc=0x0000024c08872d28 sp=0x00000079736fe730
Event: 12836.308 Thread 0x0000024c7db99c20 DEOPT UNPACKING pc=0x0000024c074a3aa2 sp=0x00000079736fe6a8 mode 2
Event: 12836.316 Thread 0x0000024c7db99c20 Uncommon trap: trap_request=0xffffff45 fr.pc=0x0000024c08933214 relative=0x00000000000001f4
Event: 12836.316 Thread 0x0000024c7db99c20 Uncommon trap: reason=unstable_if action=reinterpret pc=0x0000024c08933214 method=org.eclipse.jdt.internal.compiler.lookup.MethodBinding.sourceMethod()Lorg/eclipse/jdt/internal/compiler/ast/AbstractMethodDeclaration; @ 35 c2
Event: 12836.316 Thread 0x0000024c7db99c20 DEOPT PACKING pc=0x0000024c08933214 sp=0x00000079736fdb90
Event: 12836.316 Thread 0x0000024c7db99c20 DEOPT UNPACKING pc=0x0000024c074a3aa2 sp=0x00000079736fdb10 mode 2

Classes loaded (20 events):
Event: 12808.986 Loading class jdk/internal/module/IllegalAccessLogger
Event: 12808.986 Loading class jdk/internal/module/IllegalAccessLogger done
Event: 12811.767 Loading class jdk/internal/module/IllegalAccessLogger
Event: 12811.767 Loading class jdk/internal/module/IllegalAccessLogger done
Event: 12814.239 Loading class jdk/internal/module/IllegalAccessLogger
Event: 12814.239 Loading class jdk/internal/module/IllegalAccessLogger done
Event: 12816.695 Loading class jdk/internal/module/IllegalAccessLogger
Event: 12816.695 Loading class jdk/internal/module/IllegalAccessLogger done
Event: 12820.637 Loading class jdk/internal/module/IllegalAccessLogger
Event: 12820.637 Loading class jdk/internal/module/IllegalAccessLogger done
Event: 12823.501 Loading class jdk/internal/module/IllegalAccessLogger
Event: 12823.501 Loading class jdk/internal/module/IllegalAccessLogger done
Event: 12828.585 Loading class jdk/internal/module/IllegalAccessLogger
Event: 12828.585 Loading class jdk/internal/module/IllegalAccessLogger done
Event: 12832.144 Loading class jdk/internal/module/IllegalAccessLogger
Event: 12832.144 Loading class jdk/internal/module/IllegalAccessLogger done
Event: 12836.157 Loading class jdk/internal/module/IllegalAccessLogger
Event: 12836.157 Loading class jdk/internal/module/IllegalAccessLogger done
Event: 12848.045 Loading class jdk/internal/module/IllegalAccessLogger
Event: 12848.045 Loading class jdk/internal/module/IllegalAccessLogger done

Classes unloaded (20 events):
Event: 12784.118 Thread 0x0000024c7ac94110 Unloading class 0x0000024c107ee000 'org/codehaus/plexus/interpolation/BasicInterpolator'
Event: 12784.118 Thread 0x0000024c7ac94110 Unloading class 0x0000024c107ebc48 'org/codehaus/plexus/interpolation/ValueSource'
Event: 12784.118 Thread 0x0000024c7ac94110 Unloading class 0x0000024c107eb860 'org/apache/maven/shared/filtering/MavenResourcesExecution'
Event: 12784.118 Thread 0x0000024c7ac94110 Unloading class 0x0000024c107eb568 'org/apache/maven/shared/filtering/AbstractMavenFilteringRequest'
Event: 12784.118 Thread 0x0000024c7ac94110 Unloading class 0x0000024c107eb320 'org/apache/maven/shared/filtering/ChangeDetection'
Event: 12784.118 Thread 0x0000024c7ac94110 Unloading class 0x0000024c107eb0c0 'org/apache/maven/shared/filtering/MavenFilteringException'
Event: 12784.118 Thread 0x0000024c7ac94110 Unloading class 0x0000024c107eada0 'org/codehaus/plexus/build/DefaultBuildContext'
Event: 12784.118 Thread 0x0000024c7ac94110 Unloading class 0x0000024c107eaba0 'org/codehaus/plexus/build/BuildContext'
Event: 12784.119 Thread 0x0000024c7ac94110 Unloading class 0x0000024c107ea950 'org/apache/maven/shared/filtering/DefaultMavenResourcesFiltering'
Event: 12784.119 Thread 0x0000024c7ac94110 Unloading class 0x0000024c107ea750 'org/apache/maven/shared/filtering/MavenResourcesFiltering'
Event: 12784.119 Thread 0x0000024c7ac94110 Unloading class 0x0000024c107ea4c0 'org/apache/maven/shared/filtering/DefaultMavenReaderFilter'
Event: 12784.119 Thread 0x0000024c7ac94110 Unloading class 0x0000024c107ea2c0 'org/apache/maven/shared/filtering/MavenReaderFilter'
Event: 12784.119 Thread 0x0000024c7ac94110 Unloading class 0x0000024c107ea000 'org/apache/maven/shared/filtering/DefaultMavenFileFilter'
Event: 12784.119 Thread 0x0000024c7ac94110 Unloading class 0x0000024c107e9ca8 'org/apache/maven/shared/filtering/BaseFilter'
Event: 12784.119 Thread 0x0000024c7ac94110 Unloading class 0x0000024c107e9aa8 'org/apache/maven/shared/filtering/MavenFileFilter'
Event: 12784.119 Thread 0x0000024c7ac94110 Unloading class 0x0000024c107e98a8 'org/apache/maven/shared/filtering/DefaultFilterInfo'
Event: 12784.119 Thread 0x0000024c7ac94110 Unloading class 0x0000024c107e9598 'org/apache/maven/plugins/resources/TestResourcesMojo'
Event: 12784.119 Thread 0x0000024c7ac94110 Unloading class 0x0000024c107e9310 'org/apache/maven/plugins/maven_resources_plugin/HelpMojo'
Event: 12784.119 Thread 0x0000024c7ac94110 Unloading class 0x0000024c107e9000 'org/apache/maven/plugins/resources/CopyResourcesMojo'
Event: 12784.119 Thread 0x0000024c7ac94110 Unloading class 0x0000024c107e8c00 'org/apache/maven/plugins/resources/ResourcesMojo'

Classes redefined (0 events):
No events

Internal exceptions (20 events):
Event: 12836.312 Thread 0x0000024c7db99c20 Implicit null exception at 0x0000024c0295599b to 0x0000024c02955f55
Event: 12836.312 Thread 0x0000024c7db99c20 Exception <a 'java/lang/NullPointerException'{0x00000000d5a1e7b0}> (0x00000000d5a1e7b0) 
thrown [s\src\hotspot\share\runtime\sharedRuntime.cpp, line 625]
Event: 12836.312 Thread 0x0000024c7db99c20 Implicit null exception at 0x0000024c0295599b to 0x0000024c02955f55
Event: 12836.312 Thread 0x0000024c7db99c20 Exception <a 'java/lang/NullPointerException'{0x00000000d5a1ece8}> (0x00000000d5a1ece8) 
thrown [s\src\hotspot\share\runtime\sharedRuntime.cpp, line 625]
Event: 12836.312 Thread 0x0000024c7db99c20 Implicit null exception at 0x0000024c0295599b to 0x0000024c02955f55
Event: 12836.312 Thread 0x0000024c7db99c20 Exception <a 'java/lang/NullPointerException'{0x00000000d5a1f260}> (0x00000000d5a1f260) 
thrown [s\src\hotspot\share\runtime\sharedRuntime.cpp, line 625]
Event: 12836.312 Thread 0x0000024c7db99c20 Implicit null exception at 0x0000024c0295599b to 0x0000024c02955f55
Event: 12836.312 Thread 0x0000024c7db99c20 Exception <a 'java/lang/NullPointerException'{0x00000000d5a1ff20}> (0x00000000d5a1ff20) 
thrown [s\src\hotspot\share\runtime\sharedRuntime.cpp, line 625]
Event: 12836.312 Thread 0x0000024c7db99c20 Implicit null exception at 0x0000024c0295599b to 0x0000024c02955f55
Event: 12836.312 Thread 0x0000024c7db99c20 Exception <a 'java/lang/NullPointerException'{0x00000000d5a2de08}> (0x00000000d5a2de08) 
thrown [s\src\hotspot\share\runtime\sharedRuntime.cpp, line 625]
Event: 12836.312 Thread 0x0000024c7db99c20 Implicit null exception at 0x0000024c0295599b to 0x0000024c02955f55
Event: 12836.312 Thread 0x0000024c7db99c20 Exception <a 'java/lang/NullPointerException'{0x00000000d5a2f510}> (0x00000000d5a2f510) 
thrown [s\src\hotspot\share\runtime\sharedRuntime.cpp, line 625]
Event: 12836.316 Thread 0x0000024c7db99c20 Implicit null exception at 0x0000024c089330ac to 0x0000024c08933204
Event: 12836.338 Thread 0x0000024c7e3cbcd0 Exception <a 'sun/nio/fs/WindowsException'{0x00000000d563f810}> (0x00000000d563f810) 
thrown [s\src\hotspot\share\prims\jni.cpp, line 520]
Event: 12836.352 Thread 0x0000024c7db99590 Implicit null exception at 0x0000024c0295599b to 0x0000024c02955f55
Event: 12836.352 Thread 0x0000024c7db99590 Exception <a 'java/lang/NullPointerException'{0x00000000d56d1140}> (0x00000000d56d1140) 
thrown [s\src\hotspot\share\runtime\sharedRuntime.cpp, line 625]
Event: 12836.352 Thread 0x0000024c7db99590 Implicit null exception at 0x0000024c0295599b to 0x0000024c02955f55
Event: 12836.352 Thread 0x0000024c7db99590 Exception <a 'java/lang/NullPointerException'{0x00000000d56d27a8}> (0x00000000d56d27a8) 
thrown [s\src\hotspot\share\runtime\sharedRuntime.cpp, line 625]
Event: 12848.220 Thread 0x0000024c7e3cbcd0 Exception <a 'sun/nio/fs/WindowsException'{0x00000000d5a38330}> (0x00000000d5a38330) 
thrown [s\src\hotspot\share\prims\jni.cpp, line 520]
Event: 12848.612 Thread 0x0000024c7e3cbcd0 Exception <a 'sun/nio/fs/WindowsException'{0x00000000d59f71e0}> (0x00000000d59f71e0) 
thrown [s\src\hotspot\share\prims\jni.cpp, line 520]

ZGC Phase Switch (0 events):
No events

VM Operations (20 events):
Event: 12836.317 Executing safepoint VM operation: ParallelGCFailedAllocation (Allocation Failure)
Event: 12836.323 Executing safepoint VM operation: ParallelGCFailedAllocation (Allocation Failure) done
Event: 12837.329 Executing safepoint VM operation: Cleanup
Event: 12837.329 Executing safepoint VM operation: Cleanup done
Event: 12846.818 Executing safepoint VM operation: ParallelGCFailedAllocation (Allocation Failure)
Event: 12847.824 Executing safepoint VM operation: ParallelGCFailedAllocation (Allocation Failure) done
Event: 12847.993 Executing safepoint VM operation: ParallelGCFailedAllocation (Allocation Failure)
Event: 12847.998 Executing safepoint VM operation: ParallelGCFailedAllocation (Allocation Failure) done
Event: 12848.250 Executing safepoint VM operation: ParallelGCFailedAllocation (Allocation Failure)
Event: 12848.253 Executing safepoint VM operation: ParallelGCFailedAllocation (Allocation Failure) done
Event: 12848.272 Executing safepoint VM operation: ParallelGCFailedAllocation (Allocation Failure)
Event: 12848.277 Executing safepoint VM operation: ParallelGCFailedAllocation (Allocation Failure) done
Event: 12848.300 Executing safepoint VM operation: ParallelGCFailedAllocation (Allocation Failure)
Event: 12848.306 Executing safepoint VM operation: ParallelGCFailedAllocation (Allocation Failure) done
Event: 12848.334 Executing safepoint VM operation: ParallelGCFailedAllocation (Allocation Failure)
Event: 12848.341 Executing safepoint VM operation: ParallelGCFailedAllocation (Allocation Failure) done
Event: 12848.474 Executing safepoint VM operation: ParallelGCFailedAllocation (Allocation Failure)
Event: 12848.483 Executing safepoint VM operation: ParallelGCFailedAllocation (Allocation Failure) done
Event: 12848.506 Executing safepoint VM operation: ParallelGCFailedAllocation (Allocation Failure)
Event: 12848.515 Executing safepoint VM operation: ParallelGCFailedAllocation (Allocation Failure) done

Memory protections (0 events):
No events

Nmethod flushes (20 events):
Event: 12796.283 Thread 0x0000024c7ac94110 flushing  nmethod 0x0000024c02a41310
Event: 12796.283 Thread 0x0000024c7ac94110 flushing  nmethod 0x0000024c02aa9210
Event: 12796.283 Thread 0x0000024c7ac94110 flushing  nmethod 0x0000024c02ab5390
Event: 12796.283 Thread 0x0000024c7ac94110 flushing  nmethod 0x0000024c02aba910
Event: 12796.283 Thread 0x0000024c7ac94110 flushing  nmethod 0x0000024c02ac1f10
Event: 12796.283 Thread 0x0000024c7ac94110 flushing  nmethod 0x0000024c02ac3990
Event: 12796.283 Thread 0x0000024c7ac94110 flushing  nmethod 0x0000024c02acd910
Event: 12796.283 Thread 0x0000024c7ac94110 flushing  nmethod 0x0000024c02ad8f10
Event: 12796.283 Thread 0x0000024c7ac94110 flushing  nmethod 0x0000024c02ae2c10
Event: 12796.283 Thread 0x0000024c7ac94110 flushing  nmethod 0x0000024c02ae7190
Event: 12796.283 Thread 0x0000024c7ac94110 flushing  nmethod 0x0000024c02ae7a90
Event: 12796.283 Thread 0x0000024c7ac94110 flushing  nmethod 0x0000024c02ae8510
Event: 12796.283 Thread 0x0000024c7ac94110 flushing  nmethod 0x0000024c02aef590
Event: 12796.283 Thread 0x0000024c7ac94110 flushing  nmethod 0x0000024c02af3210
Event: 12796.283 Thread 0x0000024c7ac94110 flushing  nmethod 0x0000024c02af3f10
Event: 12796.283 Thread 0x0000024c7ac94110 flushing  nmethod 0x0000024c02b3fc10
Event: 12796.283 Thread 0x0000024c7ac94110 flushing  nmethod 0x0000024c02b41690
Event: 12796.283 Thread 0x0000024c7ac94110 flushing  nmethod 0x0000024c02b4cf10
Event: 12796.283 Thread 0x0000024c7ac94110 flushing  nmethod 0x0000024c02b59590
Event: 12796.283 Thread 0x0000024c7ac94110 flushing  nmethod 0x0000024c02bb8810

Events (20 events):
Event: 12791.465 Thread 0x0000024c732bb4d0 Thread added: 0x0000024c56f5f0b0
Event: 12792.151 Thread 0x0000024c732bb4d0 Thread added: 0x0000024c56292220
Event: 12795.910 Thread 0x0000024c56f5f0b0 Thread exited: 0x0000024c56f5f0b0
Event: 12801.475 Thread 0x0000024c56292220 Thread exited: 0x0000024c56292220
Event: 12801.659 Thread 0x0000024c732bb4d0 Thread added: 0x0000024c56c63810
Event: 12801.965 Thread 0x0000024c732bb4d0 Thread added: 0x0000024c56c63ee0
Event: 12804.879 Thread 0x0000024c56c63ee0 Thread exited: 0x0000024c56c63ee0
Event: 12804.880 Thread 0x0000024c56c63810 Thread exited: 0x0000024c56c63810
Event: 12809.352 Thread 0x0000024c732bb4d0 Thread added: 0x0000024c56716ca0
Event: 12811.026 Thread 0x0000024c7e3cc9f0 Thread exited: 0x0000024c7e3cc9f0
Event: 12811.437 Thread 0x0000024c56716ca0 Thread exited: 0x0000024c56716ca0
Event: 12814.129 Thread 0x0000024c55b86540 Thread added: 0x0000024c7db99590
Event: 12816.708 Thread 0x0000024c732bb4d0 Thread added: 0x0000024c54e54650
Event: 12820.407 Thread 0x0000024c54e54650 Thread exited: 0x0000024c54e54650
Event: 12820.537 Thread 0x0000024c732bb4d0 Thread added: 0x0000024c7e3358d0
Event: 12820.537 Thread 0x0000024c732bb4d0 Thread added: 0x0000024c7e332ff0
Event: 12823.269 Thread 0x0000024c7e332ff0 Thread exited: 0x0000024c7e332ff0
Event: 12823.276 Thread 0x0000024c7e3358d0 Thread exited: 0x0000024c7e3358d0
Event: 12828.839 Thread 0x0000024c732bb4d0 Thread added: 0x0000024c54e54d20
Event: 12835.803 Thread 0x0000024c54e54d20 Thread exited: 0x0000024c54e54d20


Dynamic libraries:
0x00007ff6093c0000 - 0x00007ff6093ce000 	c:\Users\vivek\.vscode\extensions\redhat.java-1.55.0-win32-x64\jre\21.0.11-win32-x86_64\bin\java.exe
0x00007ffb5ce20000 - 0x00007ffb5d086000 	C:\WINDOWS\SYSTEM32\ntdll.dll
0x00007ffb5b490000 - 0x00007ffb5b559000 	C:\WINDOWS\System32\KERNEL32.DLL
0x00007ffb5a180000 - 0x00007ffb5a57f000 	C:\WINDOWS\System32\KERNELBASE.dll
0x00007ffb5a830000 - 0x00007ffb5a97c000 	C:\WINDOWS\System32\ucrtbase.dll
0x00007ffb52e20000 - 0x00007ffb52e3e000 	c:\Users\vivek\.vscode\extensions\redhat.java-1.55.0-win32-x64\jre\21.0.11-win32-x86_64\bin\VCRUNTIME140.dll
0x00007ffb37840000 - 0x00007ffb37858000 	c:\Users\vivek\.vscode\extensions\redhat.java-1.55.0-win32-x64\jre\21.0.11-win32-x86_64\bin\jli.dll
0x00007ffb5c1a0000 - 0x00007ffb5c366000 	C:\WINDOWS\System32\USER32.dll
0x00007ffb42280000 - 0x00007ffb42511000 	C:\WINDOWS\WinSxS\amd64_microsoft.windows.common-controls_6595b64144ccf1df_6.0.26100.8972_none_3e0da176e32f9d4b\COMCTL32.dll
0x00007ffb5ab20000 - 0x00007ffb5ab47000 	C:\WINDOWS\System32\win32u.dll
0x00007ffb5b3e0000 - 0x00007ffb5b489000 	C:\WINDOWS\System32\msvcrt.dll
0x00007ffb5b3b0000 - 0x00007ffb5b3db000 	C:\WINDOWS\System32\GDI32.dll
0x00007ffb5a700000 - 0x00007ffb5a829000 	C:\WINDOWS\System32\gdi32full.dll
0x00007ffb5a650000 - 0x00007ffb5a6f3000 	C:\WINDOWS\System32\msvcp_win.dll
0x00007ffb5ae60000 - 0x00007ffb5ae92000 	C:\WINDOWS\System32\IMM32.DLL
0x00007ffb530f0000 - 0x00007ffb530fc000 	c:\Users\vivek\.vscode\extensions\redhat.java-1.55.0-win32-x64\jre\21.0.11-win32-x86_64\bin\vcruntime140_1.dll
0x00007ffae5a60000 - 0x00007ffae5aed000 	c:\Users\vivek\.vscode\extensions\redhat.java-1.55.0-win32-x64\jre\21.0.11-win32-x86_64\bin\msvcp140.dll
0x00007ffaccb40000 - 0x00007ffacd8e2000 	c:\Users\vivek\.vscode\extensions\redhat.java-1.55.0-win32-x64\jre\21.0.11-win32-x86_64\bin\server\jvm.dll
0x00007ffb5b0b0000 - 0x00007ffb5b16c000 	C:\WINDOWS\System32\ADVAPI32.dll
0x00007ffb5b300000 - 0x00007ffb5b3aa000 	C:\WINDOWS\System32\sechost.dll
0x00007ffb5bfa0000 - 0x00007ffb5c0b8000 	C:\WINDOWS\System32\RPCRT4.dll
0x00007ffb5acf0000 - 0x00007ffb5ad72000 	C:\WINDOWS\System32\WS2_32.dll
0x00007ffb59eb0000 - 0x00007ffb59f0e000 	C:\WINDOWS\SYSTEM32\POWRPROF.dll
0x00007ffb515f0000 - 0x00007ffb51626000 	C:\WINDOWS\SYSTEM32\WINMM.dll
0x00007ffb518e0000 - 0x00007ffb518eb000 	C:\WINDOWS\SYSTEM32\VERSION.dll
0x00007ffb59e90000 - 0x00007ffb59ea5000 	C:\WINDOWS\SYSTEM32\UMPDC.dll
0x00007ffb58cf0000 - 0x00007ffb58d0b000 	C:\WINDOWS\SYSTEM32\kernel.appcore.dll
0x00007ffb52d20000 - 0x00007ffb52d2a000 	c:\Users\vivek\.vscode\extensions\redhat.java-1.55.0-win32-x64\jre\21.0.11-win32-x86_64\bin\jimage.dll
0x00007ffb576c0000 - 0x00007ffb57902000 	C:\WINDOWS\SYSTEM32\DBGHELP.DLL
0x00007ffb5c990000 - 0x00007ffb5cd15000 	C:\WINDOWS\System32\combase.dll
0x00007ffb5ad80000 - 0x00007ffb5ae59000 	C:\WINDOWS\System32\OLEAUT32.dll
0x00007ffb49cc0000 - 0x00007ffb49cfb000 	C:\WINDOWS\SYSTEM32\dbgcore.DLL
0x00007ffb5a030000 - 0x00007ffb5a0dc000 	C:\WINDOWS\System32\bcryptPrimitives.dll
0x00007ffb513a0000 - 0x00007ffb513af000 	c:\Users\vivek\.vscode\extensions\redhat.java-1.55.0-win32-x64\jre\21.0.11-win32-x86_64\bin\instrument.dll
0x00007ffb1a410000 - 0x00007ffb1a430000 	c:\Users\vivek\.vscode\extensions\redhat.java-1.55.0-win32-x64\jre\21.0.11-win32-x86_64\bin\java.dll
0x00007ffb5b6a0000 - 0x00007ffb5be28000 	C:\WINDOWS\System32\SHELL32.dll
0x00007ffb57ac0000 - 0x00007ffb5835b000 	C:\WINDOWS\SYSTEM32\windows.storage.dll
0x00007ffb5b180000 - 0x00007ffb5b279000 	C:\WINDOWS\System32\SHCORE.dll
0x00007ffb5c0c0000 - 0x00007ffb5c126000 	C:\WINDOWS\System32\shlwapi.dll
0x00007ffb59f50000 - 0x00007ffb59f79000 	C:\WINDOWS\SYSTEM32\profapi.dll
0x00007ffaf62c0000 - 0x00007ffaf62d8000 	c:\Users\vivek\.vscode\extensions\redhat.java-1.55.0-win32-x64\jre\21.0.11-win32-x86_64\bin\zip.dll
0x00007ffb51360000 - 0x00007ffb51370000 	C:\Users\vivek\.vscode\extensions\redhat.java-1.55.0-win32-x64\jre\21.0.11-win32-x86_64\bin\net.dll
0x00007ffb50cc0000 - 0x00007ffb50de8000 	C:\WINDOWS\SYSTEM32\WINHTTP.dll
0x00007ffb592d0000 - 0x00007ffb5933c000 	C:\WINDOWS\system32\mswsock.dll
0x00007ffae5a40000 - 0x00007ffae5a56000 	C:\Users\vivek\.vscode\extensions\redhat.java-1.55.0-win32-x64\jre\21.0.11-win32-x86_64\bin\nio.dll
0x00007ffb3bc20000 - 0x00007ffb3bc30000 	c:\Users\vivek\.vscode\extensions\redhat.java-1.55.0-win32-x64\jre\21.0.11-win32-x86_64\bin\verify.dll
0x00007ffadea50000 - 0x00007ffadea95000 	C:\Users\vivek\AppData\Roaming\Code\User\globalStorage\redhat.java\1.55.0\config_win\org.eclipse.equinox.launcher\org.eclipse.equinox.launcher.win32.win32.x86_64_1.3.100.v20260613-0559\eclipse_11924.dll
0x00007ffb5ab50000 - 0x00007ffb5ace9000 	C:\WINDOWS\System32\ole32.dll
0x00007ffb3b5b0000 - 0x00007ffb3b5ba000 	C:\Users\vivek\.vscode\extensions\redhat.java-1.55.0-win32-x64\jre\21.0.11-win32-x86_64\bin\management.dll
0x00007ffb3a6d0000 - 0x00007ffb3a6dc000 	C:\Users\vivek\.vscode\extensions\redhat.java-1.55.0-win32-x64\jre\21.0.11-win32-x86_64\bin\management_ext.dll
0x00007ffb5c130000 - 0x00007ffb5c138000 	C:\WINDOWS\System32\PSAPI.DLL
0x00007ffb595c0000 - 0x00007ffb595db000 	C:\WINDOWS\SYSTEM32\CRYPTSP.dll
0x00007ffb58c50000 - 0x00007ffb58c89000 	C:\WINDOWS\system32\rsaenh.dll
0x00007ffb59380000 - 0x00007ffb593b2000 	C:\WINDOWS\SYSTEM32\USERENV.dll
0x00007ffb59f20000 - 0x00007ffb59f4a000 	C:\WINDOWS\SYSTEM32\bcrypt.dll
0x00007ffb595e0000 - 0x00007ffb595ec000 	C:\WINDOWS\SYSTEM32\CRYPTBASE.dll
0x00007ffb58690000 - 0x00007ffb586c3000 	C:\WINDOWS\SYSTEM32\IPHLPAPI.DLL
0x00007ffb5b5f0000 - 0x00007ffb5b5fa000 	C:\WINDOWS\System32\NSI.dll
0x00007ffade9b0000 - 0x00007ffade9f9000 	C:\Users\vivek\AppData\Local\Temp\jna-112220169\jna1539676640097529222.dll
0x00007ffb4ecf0000 - 0x00007ffb4ed0d000 	C:\WINDOWS\SYSTEM32\dhcpcsvc6.DLL
0x00007ffb4ecc0000 - 0x00007ffb4ece5000 	C:\WINDOWS\SYSTEM32\dhcpcsvc.DLL
0x00007ffb38fb0000 - 0x00007ffb38fbe000 	C:\Users\vivek\.vscode\extensions\redhat.java-1.55.0-win32-x64\jre\21.0.11-win32-x86_64\bin\sunmscapi.dll
0x00007ffb5a990000 - 0x00007ffb5ab0e000 	C:\WINDOWS\System32\CRYPT32.dll
0x00007ffb59800000 - 0x00007ffb59830000 	C:\WINDOWS\SYSTEM32\ncrypt.dll
0x00007ffb597b0000 - 0x00007ffb597ef000 	C:\WINDOWS\SYSTEM32\NTASN1.dll
0x00007ffb58720000 - 0x00007ffb58878000 	C:\WINDOWS\SYSTEM32\DNSAPI.dll
0x00007ffb59090000 - 0x00007ffb5909d000 	C:\WINDOWS\SYSTEM32\DSPARSE.dll
0x00007ffb518d0000 - 0x00007ffb518db000 	C:\Windows\System32\rasadhlp.dll
0x00007ffb4cf10000 - 0x00007ffb4cf96000 	C:\WINDOWS\System32\fwpuclnt.dll
0x00007ffb38ef0000 - 0x00007ffb38ef9000 	C:\Users\vivek\.vscode\extensions\redhat.java-1.55.0-win32-x64\jre\21.0.11-win32-x86_64\bin\extnet.dll

JVMTI agents:
c:\Users\vivek\.vscode\extensions\redhat.java-1.55.0-win32-x64\lombok\lombok-1.18.39-4050.jar path:c:\Users\vivek\.vscode\extensions\redhat.java-1.55.0-win32-x64\jre\21.0.11-win32-x86_64\bin\instrument.dll, loaded, initialized, instrumentlib options:none

dbghelp: loaded successfully - version: 4.0.5 - missing functions: none
symbol engine: initialized successfully - sym options: 0x614 - pdb path: .;c:\Users\vivek\.vscode\extensions\redhat.java-1.55.0-win32-x64\jre\21.0.11-win32-x86_64\bin;C:\WINDOWS\SYSTEM32;C:\WINDOWS\WinSxS\amd64_microsoft.windows.common-controls_6595b64144ccf1df_6.0.26100.8972_none_3e0da176e32f9d4b;c:\Users\vivek\.vscode\extensions\redhat.java-1.55.0-win32-x64\jre\21.0.11-win32-x86_64\bin\server;C:\Users\vivek\AppData\Roaming\Code\User\globalStorage\redhat.java\1.55.0\config_win\org.eclipse.equinox.launcher\org.eclipse.equinox.launcher.win32.win32.x86_64_1.3.100.v20260613-0559;C:\Users\vivek\AppData\Local\Temp\jna-112220169

VM Arguments:
jvm_args: --add-modules=ALL-SYSTEM --add-opens=java.base/java.util=ALL-UNNAMED --add-opens=java.base/java.lang=ALL-UNNAMED --add-opens=java.base/sun.nio.fs=ALL-UNNAMED -Declipse.application=org.eclipse.jdt.ls.core.id1 -Dosgi.bundles.defaultStartLevel=4 -Declipse.product=org.eclipse.jdt.ls.core.product -Djava.import.generatesMetadataFilesAtProjectRoot=false -DDetectVMInstallationsJob.disabled=true -Dfile.encoding=utf8 -XX:+UseParallelGC -XX:GCTimeRatio=4 -XX:AdaptiveSizePolicyWeight=90 -Dsun.zip.disableMemoryMapping=true -Xmx2G -Xms100m -Xlog:disable -javaagent:c:\Users\vivek\.vscode\extensions\redhat.java-1.55.0-win32-x64\lombok\lombok-1.18.39-4050.jar -XX:+HeapDumpOnOutOfMemoryError -XX:HeapDumpPath=c:\Users\vivek\AppData\Roaming\Code\User\workspaceStorage\c5bf0d5680c110fa8e1a4e6dc1220471\redhat.java -Daether.dependencyCollector.impl=bf 
java_command: c:\Users\vivek\.vscode\extensions\redhat.java-1.55.0-win32-x64\server\plugins\org.eclipse.equinox.launcher_1.7.200.v20260619-2039.jar -configuration c:\Users\vivek\AppData\Roaming\Code\User\globalStorage\redhat.java\1.55.0\config_win -data c:\Users\vivek\AppData\Roaming\Code\User\workspaceStorage\c5bf0d5680c110fa8e1a4e6dc1220471\redhat.java\jdt_ws --pipe=\\.\pipe\lsp-7a91d5f3a50fce4d93d0786764ba7b64-sock
java_class_path (initial): c:\Users\vivek\.vscode\extensions\redhat.java-1.55.0-win32-x64\server\plugins\org.eclipse.equinox.launcher_1.7.200.v20260619-2039.jar
Launcher Type: SUN_STANDARD

[Global flags]
    uintx AdaptiveSizePolicyWeight                 = 90                                        {product} {command line}
     intx CICompilerCount                          = 12                                        {product} {ergonomic}
    uintx GCTimeRatio                              = 4                                         {product} {command line}
     bool HeapDumpOnOutOfMemoryError               = true                                   {manageable} {command line}
    ccstr HeapDumpPath                             = c:\Users\vivek\AppData\Roaming\Code\User\workspaceStorage\c5bf0d5680c110fa8e1a4e6dc1220471\redhat.java         {manageable} {command line}
   size_t InitialHeapSize                          = 104857600                                 {product} {command line}
   size_t MaxHeapSize                              = 2147483648                                {product} {command line}
   size_t MaxNewSize                               = 715653120                                 {product} {ergonomic}
   size_t MinHeapDeltaBytes                        = 524288                                    {product} {ergonomic}
   size_t MinHeapSize                              = 104857600                                 {product} {command line}
   size_t NewSize                                  = 34603008                                  {product} {ergonomic}
    uintx NonNMethodCodeHeapSize                   = 7602480                                {pd product} {ergonomic}
    uintx NonProfiledCodeHeapSize                  = 122027880                              {pd product} {ergonomic}
   size_t OldSize                                  = 70254592                                  {product} {ergonomic}
    uintx ProfiledCodeHeapSize                     = 122027880                              {pd product} {ergonomic}
    uintx ReservedCodeCacheSize                    = 251658240                              {pd product} {ergonomic}
     bool SegmentedCodeCache                       = true                                      {product} {ergonomic}
   size_t SoftMaxHeapSize                          = 2147483648                             {manageable} {ergonomic}
     bool UseCompressedOops                        = true                           {product lp64_product} {ergonomic}
     bool UseLargePagesIndividualAllocation        = false                                  {pd product} {ergonomic}
     bool UseParallelGC                            = true                                      {product} {command line}

Logging:
Log output configuration:
 #0: stdout all=off uptime,level,tags foldmultilines=false
 #1: stderr all=off uptime,level,tags foldmultilines=false

Release file:
JAVA_VERSION="21.0.11" 
MODULES="java.base java.compiler java.datatransfer java.xml java.prefs java.desktop java.instrument java.logging java.management java.security.sasl java.naming java.rmi java.management.rmi java.net.http java.scripting java.security.jgss java.transaction.xa java.sql java.sql.rowset java.xml.crypto java.se java.smartcardio jdk.accessibility jdk.internal.jvmstat jdk.attach jdk.charsets jdk.internal.opt jdk.zipfs jdk.compiler jdk.crypto.ec jdk.crypto.cryptoki jdk.crypto.mscapi jdk.dynalink jdk.internal.ed jdk.editpad jdk.hotspot.agent jdk.httpserver jdk.internal.le jdk.internal.vm.ci jdk.internal.vm.compiler jdk.internal.vm.compiler.management jdk.jartool jdk.javadoc jdk.jcmd jdk.management jdk.management.agent jdk.jconsole jdk.jdeps jdk.jdwp.agent jdk.jdi jdk.jfr jdk.jshell jdk.jsobject jdk.jstatd jdk.localedata jdk.management.jfr jdk.naming.dns jdk.naming.rmi jdk.net jdk.nio.mapmode jdk.random jdk.sctp jdk.security.auth jdk.security.jgss jdk.unsupported jdk.unsupported.desktop jdk.xml.dom" 

Environment Variables:
PATH=C:\Program Files\Common Files\Oracle\Java\javapath;D:\oracle\product\10.2.0\db_1\bin;C:\Windows\system32;C:\Windows;C:\Windows\System32\Wbem;C:\Windows\System32\WindowsPowerShell\v1.0\;C:\Windows\System32\OpenSSH\;C:\Program Files (x86)\NVIDIA Corporation\PhysX\Common;C:\WINDOWS\system32;C:\WINDOWS;C:\WINDOWS\System32\Wbem;C:\WINDOWS\System32\WindowsPowerShell\v1.0\;C:\WINDOWS\System32\OpenSSH\;C:\Program Files\Git\cmd;C:\Program Files\CMake\bin;C:\ProgramData\chocolatey\bin;C:\Program Files\Java\jdk-21\bin;;C:\Program Files\NVIDIA Corporation\NVIDIA App\NvDLISR;C:\Program Files\nodejs\;C:\Program Files\PuTTY\;C:\Users\vivek\AppData\Local\Programs\Python\Python310\Scripts\;C:\Users\vivek\AppData\Local\Programs\Python\Python310\;C:\Users\vivek\AppData\Local\Programs\Python\Python313\Scripts\;C:\Users\vivek\AppData\Local\Programs\Python\Python313\;C:\Users\vivek\AppData\Local\Microsoft\WindowsApps;C:\Users\vivek\AppData\Local\Programs\Microsoft VS Code\bin;C:\Users\vivek\AppData\Roaming\npm;C:\Users\vivek\AppData\Local\Programs\DockerDesktop\resources\bin
USERNAME=vivek
OS=Windows_NT
PROCESSOR_IDENTIFIER=AMD64 Family 25 Model 80 Stepping 0, AuthenticAMD
TMP=C:\Users\vivek\AppData\Local\Temp
TEMP=C:\Users\vivek\AppData\Local\Temp




Periodic native trim disabled

---------------  S Y S T E M  ---------------

OS:
 Windows 11 , 64 bit Build 26100 (10.0.26100.9168)
OS uptime: 0 days 6:24 hours
Hyper-V role detected

CPU: total 16 (initial active 16) (16 cores per cpu, 2 threads per core) family 25 model 80 stepping 0 microcode 0xa50000d, cx8, cmov, fxsr, ht, mmx, 3dnowpref, sse, sse2, sse3, ssse3, sse4a, sse4.1, sse4.2, popcnt, lzcnt, tsc, tscinvbit, avx, avx2, aes, erms, clmul, bmi1, bmi2, adx, sha, fma, vzeroupper, clflush, clflushopt, hv, rdtscp, rdpid, fsrm, f16c, cet_ss
Processor Information for processor 0
  Max Mhz: 3201, Current Mhz: 1802, Mhz Limit: 3201
Processor Information for processor 1
  Max Mhz: 3201, Current Mhz: 1882, Mhz Limit: 3201
Processor Information for processor 2
  Max Mhz: 3201, Current Mhz: 1882, Mhz Limit: 3201
Processor Information for processor 3
  Max Mhz: 3201, Current Mhz: 1802, Mhz Limit: 3201
Processor Information for processor 4
  Max Mhz: 3201, Current Mhz: 1802, Mhz Limit: 3201
Processor Information for processor 5
  Max Mhz: 3201, Current Mhz: 1802, Mhz Limit: 3201
Processor Information for processor 6
  Max Mhz: 3201, Current Mhz: 1802, Mhz Limit: 3201
Processor Information for processor 7
  Max Mhz: 3201, Current Mhz: 1802, Mhz Limit: 3201
Processor Information for processor 8
  Max Mhz: 3201, Current Mhz: 1802, Mhz Limit: 3201
Processor Information for processor 9
  Max Mhz: 3201, Current Mhz: 1802, Mhz Limit: 3201
Processor Information for processor 10
  Max Mhz: 3201, Current Mhz: 1802, Mhz Limit: 3201
Processor Information for processor 11
  Max Mhz: 3201, Current Mhz: 1802, Mhz Limit: 3201
Processor Information for processor 12
  Max Mhz: 3201, Current Mhz: 1802, Mhz Limit: 3201
Processor Information for processor 13
  Max Mhz: 3201, Current Mhz: 1802, Mhz Limit: 3201
Processor Information for processor 14
  Max Mhz: 3201, Current Mhz: 1802, Mhz Limit: 3201
Processor Information for processor 15
  Max Mhz: 3201, Current Mhz: 1802, Mhz Limit: 3201

Memory: 4k page, system-wide physical 5996M (312M free)
TotalPageFile size 24428M (AvailPageFile size 9M)
current process WorkingSet (physical memory assigned to process): 578M, peak: 799M
current process commit charge ("private bytes"): 979M, peak: 1738M

vm_info: OpenJDK 64-Bit Server VM (21.0.11+10-LTS) for windows-amd64 JRE (21.0.11+10-LTS), built on 2026-04-21T00:00:00Z by "admin" with MS VC++ 17.12 (VS2022)

END.
